###############################################################################
#                                                                             #
# IAR Assembler V1.40.1.50106 for STM8                  25/Sep/2014  17:38:26 #
# Copyright 2010-2013 IAR Systems AB.                                         #
#                                                                             #
#    Source file  =  D:\Dropbox\osa\port\stm8\osa_stm8_iar.s                  #
#    Command line =  D:\Dropbox\osa\port\stm8\osa_stm8_iar.s -M<> -ld         #
#                    D:\Dropbox\STM8\rfm73_tst1\mw_bmp085\Release\List\       #
#                    --code_model small --data_model medium -o                #
#                    D:\Dropbox\STM8\rfm73_tst1\mw_bmp085\Release\Obj\        #
#    List file    =  D:\Dropbox\STM8\rfm73_tst1\mw_bmp085\Release\List\osa_st #
#                    m8_iar.lst                                               #
#    Object file  =  D:\Dropbox\STM8\rfm73_tst1\mw_bmp085\Release\Obj\osa_stm #
#                    8_iar.o                                                  #
#                                                                             #
#                                                                             #
###############################################################################

##############################################################################
# Module ATOMPORTASM                                                         #
##############################################################################

 
 52 bytes in section .near_func.text  , module ATOMPORTASM
 
 52 bytes of CODE memory  in module ATOMPORTASM

Errors: none
Warnings: none
